{
  "fqn": "cerbos.role.leave_request/acme",
  "rolePolicy": {
    "meta": {
      "fqn": "cerbos.role.leave_request/acme",
      "sourceAttributes": {
        "role.leave_request/acme": {
          "attributes": {
            "source": "role_policies/acme_admin.yaml"
          }
        }
      }
    },
    "role": "leave_request",
    "scope": "acme",
    "scopePermissions": "SCOPE_PERMISSIONS_REQUIRE_PARENTAL_CONSENT_FOR_ALLOWS",
    "resources": {
      "acme_admin": {
        "rules": [
          {
            "resource": "acme_admin",
            "actions": {
              "*": {}
            }
          }
        ]
      },
      "expenses_report": {
        "rules": [
          {
            "resource": "expenses_report",
            "actions": {
              "create": {},
              "delete": {},
              "view": {}
            }
          }
        ]
      }
    }
  },
  "compilerVersion": 1
}
